<?xml version="1.0" encoding="UTF-8"?>
<testsuites name="jest tests" tests="2" failures="0" time="6.163">
  <testsuite name="the useAppState hook" errors="0" failures="0" skipped="0" timestamp="2023-06-26T12:18:15" time="4.99" tests="2">
    <testcase classname="the useAppState hook should set an error" name="the useAppState hook should set an error" time="0.015">
    </testcase>
    <testcase classname="the useAppState hook should throw an error if used outside of AppStateProvider" name="the useAppState hook should throw an error if used outside of AppStateProvider" time="0.003">
    </testcase>
  </testsuite>
</testsuites>